Test LB+rel+CAS-NO-MEM Allowed
States 3
0:X3=0; 1:X3=0; 1:X7=1;
0:X3=0; 1:X3=1; 1:X7=1;
0:X3=1; 1:X3=0; 1:X7=1;
No
Witnesses
Positive: 0 Negative: 6
Condition exists (0:X3=1 /\ 1:X3=1 /\ 1:X7=1)
Observation LB+rel+CAS-NO-MEM Never 0 6
Hash=d3435c3a58ada0f3345a2860f32ed8d9

