Test LB+rel+CAS Allowed
States 5
0:X2=0; 0:X3=0; 1:X2=0;
0:X2=0; 0:X3=0; 1:X2=1;
0:X2=1; 0:X3=0; 1:X2=0;
0:X2=1; 0:X3=0; 1:X2=1;
0:X2=1; 0:X3=1; 1:X2=0;
No
Witnesses
Positive: 0 Negative: 10
Condition exists (0:X2=1 /\ 0:X3=1 /\ 1:X2=1)
Observation LB+rel+CAS Never 0 10
Hash=060b2fd19df2675455bb9772620bdd17

