Test LB+rel+SWP-RsRt Allowed
States 4
0:X3=0; 1:X3=0; 1:X5=0;
0:X3=0; 1:X3=1; 1:X5=0;
0:X3=1; 1:X3=0; 1:X5=0;
0:X3=1; 1:X3=1; 1:X5=0;
Ok
Witnesses
Positive: 1 Negative: 3
Condition exists (0:X3=1 /\ 1:X3=1 /\ 1:X5=0)
Observation LB+rel+SWP-RsRt Sometimes 1 3
Hash=17c6ac8e46868f3a616e93a84dfc3994

