Test LB+rel+CAS Allowed
States 3
0:X3=0; 1:X3=0; 1:X4=1;
0:X3=0; 1:X3=1; 1:X4=1;
0:X3=1; 1:X3=0; 1:X4=1;
No
Witnesses
Positive: 0 Negative: 6
Condition exists (0:X3=1 /\ 1:X3=1 /\ 1:X4=1)
Observation LB+rel+CAS Never 0 6
Hash=e82c3b531f92a8ec6de9b7d0119ef10b

