Test LB+rel+LDADD-RnRn Allowed
States 3
0:X3=0; 1:X3=0;
0:X3=0; 1:X3=1;
0:X3=1; 1:X3=0;
No
Witnesses
Positive: 0 Negative: 3
Condition exists (0:X3=1 /\ 1:X3=1)
Observation LB+rel+LDADD-RnRn Never 0 3
Hash=1c5e795f162a8785711061e6479786f7

