Test LB+rel+CAS Allowed
States 4
0:X3=0; 1:X3=0; 1:X4=0;
0:X3=0; 1:X3=1; 1:X4=0;
0:X3=1; 1:X3=0; 1:X4=0;
0:X3=1; 1:X3=1; 1:X4=0;
Ok
Witnesses
Positive: 2 Negative: 6
Condition exists (0:X3=1 /\ 1:X3=1 /\ 1:X4=0)
Observation LB+rel+CAS Sometimes 2 6
Hash=ffb2d7fdc09928e8e6c3b42c95b258b2

