Test LB+rel+LDADD Allowed
States 4
0:X3=0; 1:X3=0;
0:X3=0; 1:X3=1;
0:X3=1; 1:X3=0;
0:X3=1; 1:X3=1;
Ok
Witnesses
Positive: 1 Negative: 3
Condition exists (0:X3=1 /\ 1:X3=1)
Observation LB+rel+LDADD Sometimes 1 3
Hash=9f2565e3fb8e2b37bb1ee8966b8f21ca

