Test MP+rel+LDADD-RsRs Allowed
States 3
1:X3=0; 1:X7=0;
1:X3=0; 1:X7=1;
1:X3=1; 1:X7=1;
No
Witnesses
Positive: 0 Negative: 3
Condition exists (1:X3=1 /\ 1:X7=0)
Observation MP+rel+LDADD-RsRs Never 0 3
Hash=d52268ead6ce286fd1fa006e6f89af1b

