Test MP+rel+LDADD Allowed
States 4
1:X3=0; 1:X7=0;
1:X3=0; 1:X7=1;
1:X3=1; 1:X7=0;
1:X3=1; 1:X7=1;
Ok
Witnesses
Positive: 1 Negative: 3
Condition exists (1:X3=1 /\ 1:X7=0)
Observation MP+rel+LDADD Sometimes 1 3
Hash=c7708eeb17678b5710be98f9f89c6038

