Test MP+rel+CAS Allowed
States 3
1:X3=0; 1:X4=1; 1:X11=0;
1:X3=0; 1:X4=1; 1:X11=1;
1:X3=1; 1:X4=1; 1:X11=1;
No
Witnesses
Positive: 0 Negative: 6
Condition exists (1:X3=1 /\ 1:X4=1 /\ 1:X11=0)
Observation MP+rel+CAS Never 0 6
Hash=624eb869fed8bea38d917cb748bc1909

