Test MP+rel+LDADD-MRs Allowed
States 4
0:X2=0; 0:X5=0;
0:X2=0; 0:X5=1;
0:X2=1; 0:X5=0;
0:X2=1; 0:X5=1;
Ok
Witnesses
Positive: 1 Negative: 3
Condition exists (0:X2=1 /\ 0:X5=0)
Observation MP+rel+LDADD-MRs Sometimes 1 3
Hash=1e918e62f784beab9f5ac75eaae6c723

