Test MP+rel+LDADD-RtRn Allowed
States 4
1:X3=0; 1:X9=0;
1:X3=0; 1:X9=1;
1:X3=1; 1:X9=0;
1:X3=1; 1:X9=1;
Ok
Witnesses
Positive: 1 Negative: 3
Condition exists (1:X3=1 /\ 1:X9=0)
Observation MP+rel+LDADD-RtRn Sometimes 1 3
Hash=3d8b319b026ed7f7d3a7e63ac8604a7d

