Test MP+rel+CAS-NO-MEM Allowed
States 3
1:X3=0; 1:X7=1; 1:X10=0;
1:X3=0; 1:X7=1; 1:X10=1;
1:X3=1; 1:X7=1; 1:X10=1;
No
Witnesses
Positive: 0 Negative: 6
Condition exists (1:X3=1 /\ 1:X7=1 /\ 1:X10=0)
Observation MP+rel+CAS-NO-MEM Never 0 6
Hash=2f821e3fb157b926caf3eb63bfedd06e

