Test MP+rel+LDADD-MRt Allowed
States 3
0:X2=0; 0:X5=0;
0:X2=0; 0:X5=1;
0:X2=1; 0:X5=1;
No
Witnesses
Positive: 0 Negative: 3
Condition exists (0:X2=1 /\ 0:X5=0)
Observation MP+rel+LDADD-MRt Never 0 3
Hash=6636c8e7e042a3888613a311176f242c

