Test MP+rel+LDADD Allowed
States 3
1:X3=0; 1:X6=0;
1:X3=0; 1:X6=1;
1:X3=1; 1:X6=1;
No
Witnesses
Positive: 0 Negative: 3
Condition exists (1:X3=1 /\ 1:X6=0)
Observation MP+rel+LDADD Never 0 3
Hash=95e0096e053e446ff4b9cad1b2a6288b

