Test MP+rel+SWP-RnM Allowed
States 3
1:X3=0; 1:X9=0;
1:X3=0; 1:X9=1;
1:X3=1; 1:X9=1;
No
Witnesses
Positive: 0 Negative: 3
Condition exists (1:X3=1 /\ 1:X9=0)
Observation MP+rel+SWP-RnM Never 0 3
Hash=57be26363297cd1f7000caa20906e565

