Test MP+rel+LDADD Allowed
States 4
1:X3=0; 1:X8=0;
1:X3=0; 1:X8=1;
1:X3=1; 1:X8=0;
1:X3=1; 1:X8=1;
Ok
Witnesses
Positive: 1 Negative: 3
Condition exists (1:X3=1 /\ 1:X8=0)
Observation MP+rel+LDADD Sometimes 1 3
Hash=ab79b50ef1fa5c0e1412ec796a934ff5

