Test MP+rel+SWP-MRs Allowed
States 4
0:X3=0; 0:X5=0;
0:X3=0; 0:X5=1;
0:X3=1; 0:X5=0;
0:X3=1; 0:X5=1;
Ok
Witnesses
Positive: 1 Negative: 3
Condition exists (0:X3=1 /\ 0:X5=0)
Observation MP+rel+SWP-MRs Sometimes 1 3
Hash=ebe0c0656b15c583bdeb376ff8381601

