Test MP+rel+SWP-RsM Allowed
States 3
1:X3=0; 1:X7=0;
1:X3=0; 1:X7=1;
1:X3=1; 1:X7=1;
No
Witnesses
Positive: 0 Negative: 3
Condition exists (1:X3=1 /\ 1:X7=0)
Observation MP+rel+SWP-RsM Never 0 3
Hash=0bbc21cb05154813eb7f01447f4d3c11

