Test MP+rel+LDADD Allowed
States 4
1:X3=0; 1:X8=0;
1:X3=0; 1:X8=1;
1:X3=1; 1:X8=0;
1:X3=1; 1:X8=1;
Ok
Witnesses
Positive: 1 Negative: 3
Condition exists (1:X3=1 /\ 1:X8=0)
Observation MP+rel+LDADD Sometimes 1 3
Hash=8077cfc1d0bb152fc5a0c5586810d497

