Test MP+rel+LDADD Allowed
States 2
0:X5=0;
0:X5=1;
Ok
Witnesses
Positive: 2 Negative: 2
Condition exists (0:X5=0)
Observation MP+rel+LDADD Sometimes 2 2
Hash=d62316204b6c376836cdbbe9672864f9

