Test T07 Allowed
States 4
1:$2=0; 1:$3=0;
1:$2=0; 1:$3=1;
1:$2=1; 1:$3=0;
1:$2=1; 1:$3=1;
Ok
Witnesses
Positive: 1 Negative: 3
Condition exists (1:$2=1 /\ 1:$3=0)
Observation T07 Sometimes 1 3
Hash=a77ece365d3fcc1b93d15b9ed88d2b0b

